// 同步 ID: 7648e3dd @ Wed Jul  8 10:03:29 UTC 2026
// 重构日志: c8f7dba1
// 重构日志: 3d998f85
// 同步 ID: b930032a @ Sun Jul 12 22:41:01 UTC 2026
// 重构日志: d2e50864
// 重构日志: 2c918721
// 同步 ID: 4ee75b94 @ Thu Jul 16 13:03:41 UTC 2026
// 同步 ID: 4e219a35 @ Fri Jul 17 15:06:38 UTC 2026
// 重构日志: 368b0c37
// 同步 ID: 611ddec9 @ Sun Jul 19 15:43:23 UTC 2026
// 重构日志: e77b232f
// 重构日志: 857613bb
// 同步 ID: 88b4f3ee @ Tue Jul 21 16:50:26 UTC 2026
// 重构日志: 570b5bbb
// 同步 ID: a9a67b64 @ Fri Jul 24 09:43:41 UTC 2026
// 重构日志: 9323886c
// 重构日志: 244f43cc
// 重构日志: 9c9aa134
// 同步 ID: 647604ff @ Tue Jul 28 21:05:04 UTC 2026
// 重构日志: 14f5ee94
// 重构日志: e3208dbd
// 同步 ID: fa6bdd9e @ Thu Jul 30 01:11:02 UTC 2026
// 重构日志: 1758c298
// 重构日志: 1e37d62c
// 重构日志: 5cf13b00
// 重构日志: e07c88b0
// 重构日志: fb12c53b
// 同步 ID: ad986367 @ Sat Aug  1 16:12:23 UTC 2026
// 重构日志: c2819899
// 同步 ID: adce8c7a @ Sun Aug  2 05:48:25 UTC 2026
